Unity Editor version:    6000.0.74f1 (7685f01dc6be)
Branch:                  6000.0/staging
Build type:              Release
Batch mode:              YES
macOS version:           Version 26.6 (Build 25G72)
Darwin version:          25.6.0
Architecture:            arm64
Running under Rosetta:   NO
Available memory:        16384 MB
[Licensing::Module] Trying to connect to existing licensing client channel...
[Licensing::IpcConnector] Successfully connected to: "LicenseClient-robert" at "2026-08-03T18:11:23.678451Z"
Launching external process: /Applications/Unity/Hub/Editor/6000.0.74f1/Unity.app/Contents/Resources/PackageManager/Server/UnityPackageManager

COMMAND LINE ARGUMENTS:
/Applications/Unity/Hub/Editor/6000.0.74f1/Unity.app/Contents/MacOS/Unity
-batchmode
-projectPath
/Users/robert/gibiworld/clients/gw-mobile
-executeMethod
Gibi.Editor.ProjectSettingsApplier.ApplyForCI
-logFile
/Users/robert/gibiworld/clients/gw-mobile/ApplySettings.log
Successfully changed project path to: /Users/robert/gibiworld/clients/gw-mobile
/Users/robert/gibiworld/clients/gw-mobile
[UnityMemory] Configuration Parameters - Can be set up in boot.config
    "memorysetup-bucket-allocator-granularity=16"
    "memorysetup-bucket-allocator-bucket-count=8"
    "memorysetup-bucket-allocator-block-size=33554432"
    "memorysetup-bucket-allocator-block-count=8"
    "memorysetup-main-allocator-block-size=16777216"
    "memorysetup-thread-allocator-block-size=16777216"
    "memorysetup-gfx-main-allocator-block-size=16777216"
    "memorysetup-gfx-thread-allocator-block-size=16777216"
    "memorysetup-cache-allocator-block-size=4194304"
    "memorysetup-typetree-allocator-block-size=2097152"
    "memorysetup-profiler-bucket-allocator-granularity=16"
    "memorysetup-profiler-bucket-allocator-bucket-count=8"
    "memorysetup-profiler-bucket-allocator-block-size=33554432"
    "memorysetup-profiler-bucket-allocator-block-count=8"
    "memorysetup-profiler-allocator-block-size=16777216"
    "memorysetup-profiler-editor-allocator-block-size=1048576"
    "memorysetup-temp-allocator-size-main=16777216"
    "memorysetup-job-temp-allocator-block-size=2097152"
    "memorysetup-job-temp-allocator-block-size-background=1048576"
    "memorysetup-job-temp-allocator-reduction-small-platforms=262144"
    "memorysetup-allocator-temp-initial-block-size-main=262144"
    "memorysetup-allocator-temp-initial-block-size-worker=262144"
    "memorysetup-temp-allocator-size-background-worker=32768"
    "memorysetup-temp-allocator-size-job-worker=262144"
    "memorysetup-temp-allocator-size-preload-manager=33554432"
    "memorysetup-temp-allocator-size-nav-mesh-worker=65536"
    "memorysetup-temp-allocator-size-audio-worker=65536"
    "memorysetup-temp-allocator-size-cloud-worker=32768"
    "memorysetup-temp-allocator-size-gi-baking-worker=262144"
    "memorysetup-temp-allocator-size-gi-baking-worker=262144"
    "memorysetup-temp-allocator-size-gi-baking-worker=262144"
    "memorysetup-temp-allocator-size-gi-baking-worker=262144"
    "memorysetup-temp-allocator-size-gi-baking-worker=262144"
    "memorysetup-temp-allocator-size-gfx=262144"
Player connection [8472846720]  Target information:

Player connection [8472846720]  * "[IP] 192.168.1.166 [Port] 55504 [Flags] 2 [Guid] 17451934 [EditorId] 17451934 [Version] 1048832 [Id] OSXEditor(0,Josues-MacBook-Air.local) [Debug] 1 [PackageName] OSXEditor [ProjectName] Editor" 

Player connection [8472846720]  * "[IP] 10.2.0.2 [Port] 55504 [Flags] 2 [Guid] 17451934 [EditorId] 17451934 [Version] 1048832 [Id] OSXEditor(0,Josues-MacBook-Air.local) [Debug] 1 [PackageName] OSXEditor [ProjectName] Editor" 

Player connection [8472846720] Host joined multi-casting on [225.0.0.222:54997]...
Player connection [8472846720] Host joined alternative multi-casting on [225.0.0.222:34997]...
Input System module state changed to: Initialized.
[Physics::Module] Initialized fallback backend.
[Physics::Module] Id: 0xdecafbad
[Licensing::Client] Handshaking with LicensingClient:
  Version:                 1.17.4+4293ba1
  Session Id:              2ebdd3c3aca04e5693332b3fabbdec44
  Correlation Id:          349fd2c03b0bf2358cefe1a809b1b70d
  External correlation Id: 9101860964603086143
  Machine Id:              TcPFx+nwCFyGybMG/Aujf3QESrw=
[Licensing::Module] Successfully connected to LicensingClient on channel: "LicenseClient-robert" (connect: 0.00s, validation: 0.00s, handshake: 0.29s)
[Licensing::IpcConnector] Successfully connected to: "LicenseClient-robert-notifications" at "2026-08-03T18:11:23.965666Z"
[Licensing::Module] Error: Access token is unavailable; failed to update
[Licensing::Client] Successfully resolved entitlement details
[Licensing::Module] License group:
  Id: 20067576345846-UnityPersXXXX
  Product: Unity Personal
  Type: Assigned
  Expiration: Unlimited
[Licensing::Client] Successfully updated license, isAsync: True, time: 0.00
[Licensing::Client] Successfully resolved entitlement details
[Licensing::Module] Licensing Background thread has ended after 0.29s
[Package Manager] Connected to IPC stream "Upm-8831" after 0.3 seconds.
Library Redirect Path: Library/
[Physics::Module] Selected backend.
[Physics::Module] Name: PhysX
[Physics::Module] Id: 0xf2b8ea05
[Physics::Module] SDK Version: 4.1.2
[Physics::Module] Integration Version: 1.0.0
[Physics::Module] Threading Mode: Multi-Threaded
Artifact Garbage Collection - Removed 18 unused hashed content files[Licensing::Client] Successfully resolved entitlement details
Refreshing native plugins compatible for Editor in 0.14 ms, found 0 plugins.
Preloading 0 native plugins for Editor in 0.00 ms.
Initialize engine version: 6000.0.74f1 (7685f01dc6be)
[Subsystems] Discovering subsystems at path /Applications/Unity/Hub/Editor/6000.0.74f1/Unity.app/Contents/Resources/UnitySubsystems
[Subsystems] Discovering subsystems at path /Users/robert/gibiworld/clients/gw-mobile/Assets
GfxDevice: creating device client; kGfxThreadingModeNonThreaded
 preferred device: Apple M2 (high power)
Metal devices available: 1
0: Apple M2 (high power)
Using device Apple M2 (high power)
Initializing Metal device caps: Apple M2
Initialize mono
Mono path[0] = '/Applications/Unity/Hub/Editor/6000.0.74f1/Unity.app/Contents/Managed'
Mono path[1] = '/Applications/Unity/Hub/Editor/6000.0.74f1/Unity.app/Contents/MonoBleedingEdge/lib/mono/unityjit-macos'
Mono config path = '/Applications/Unity/Hub/Editor/6000.0.74f1/Unity.app/Contents/MonoBleedingEdge/etc'
Using monoOptions --debugger-agent=transport=dt_socket,embedding=1,server=y,suspend=n,address=127.0.0.1:56831
Using cacheserver namespaces - metadata:defaultmetadata, artifacts:defaultartifacts
Using cacheserver namespaces - metadata:defaultmetadata, artifacts:defaultartifacts
ImportWorker Server TCP listen port: 0
AcceleratorClientConnectionCallback - disconnected - :0
Begin MonoManager ReloadAssembly
Registering precompiled unity dll's ...
Register platform support module: /Applications/Unity/Hub/Editor/6000.0.74f1/Unity.app/Contents/PlaybackEngines/MacStandaloneSupport/UnityEditor.OSXStandalone.Extensions.dll
Register platform support module: /Applications/Unity/Hub/Editor/6000.0.74f1/PlaybackEngines/AndroidPlayer/UnityEditor.Android.Extensions.dll
[Licensing::Client] Successfully resolved entitlement details
Register platform support module: /Applications/Unity/Hub/Editor/6000.0.74f1/PlaybackEngines/iOSSupport/UnityEditor.iOS.Extensions.dll
Registered in 0.002439 seconds.
- Loaded All Assemblies, in  0.215 seconds
[usbmuxd] Start listen thread
[usbmuxd] Listen thread started
[usbmuxd] Send listen message
Native extension for iOS target not found
Native extension for Android target not found
Android Extension - Scanning For ADB Devices 3071 ms
Native extension for OSXStandalone target not found
Package Manager log level set to [2]
Mono: successfully reloaded assembly
- Finished resetting the current domain, in  3.345 seconds
Domain Reload Profiling: 3560ms
	BeginReloadAssembly (62ms)
		ExecutionOrderSort (0ms)
		DisableScriptedObjects (0ms)
		BackupInstance (0ms)
		ReleaseScriptingObjects (0ms)
		CreateAndSetChildDomain (0ms)
	RebuildCommonClasses (21ms)
	RebuildNativeTypeToScriptingClass (8ms)
	initialDomainReloadingComplete (25ms)
	LoadAllAssembliesAndSetupDomain (98ms)
		LoadAssemblies (63ms)
		RebuildTransferFunctionScriptingTraits (0ms)
		AnalyzeDomain (95ms)
			TypeCache.Refresh (95ms)
				TypeCache.ScanAssembly (86ms)
			BuildScriptInfoCaches (0ms)
			ResolveRequiredComponents (0ms)
	FinalizeReload (3346ms)
		ReleaseScriptCaches (0ms)
		RebuildScriptCaches (0ms)
		SetupLoadedEditorAssemblies (3323ms)
			LogAssemblyErrors (0ms)
			InitializePlatformSupportModulesInManaged (3168ms)
			SetLoadedEditorAssemblies (7ms)
			BeforeProcessingInitializeOnLoad (53ms)
			ProcessInitializeOnLoadAttributes (68ms)
			ProcessInitializeOnLoadMethodAttributes (27ms)
			AfterProcessingInitializeOnLoad (0ms)
			EditorAssembliesLoaded (0ms)
		ExecutionOrderSort2 (0ms)
		AwakeInstancesAfterBackupRestoration (0ms)
[Licensing::Client] Successfully resolved entitlement details
[Licensing::Client] Successfully resolved entitlement details
Application.AssetDatabase Initial Refresh Start
[Package Manager] Restoring resolved packages state from cache
[Licensing::Client] Successfully resolved entitlement details
[Package Manager] Registered 56 packages:
  Packages from [https://packages.unity.com]:
    com.unity.addressables@1.22.3 (location: /Users/robert/gibiworld/clients/gw-mobile/Library/PackageCache/com.unity.addressables@c1b85eb43ae0)
    com.unity.animation.rigging@1.3.0 (location: /Users/robert/gibiworld/clients/gw-mobile/Library/PackageCache/com.unity.animation.rigging@68167b505d2b)
    com.unity.burst@1.8.29 (location: /Users/robert/gibiworld/clients/gw-mobile/Library/PackageCache/com.unity.burst@6bb9aca3ef38)
    com.unity.cloud.gltfast@6.16.1 (location: /Users/robert/gibiworld/clients/gw-mobile/Library/PackageCache/com.unity.cloud.gltfast@e6a172d771cb)
    com.unity.editorcoroutines@1.0.0 (location: /Users/robert/gibiworld/clients/gw-mobile/Library/PackageCache/com.unity.editorcoroutines@7d48783e7b8c)
    com.unity.ide.rider@3.0.28 (location: /Users/robert/gibiworld/clients/gw-mobile/Library/PackageCache/com.unity.ide.rider@7605a3979f4b)
    com.unity.ide.visualstudio@2.0.22 (location: /Users/robert/gibiworld/clients/gw-mobile/Library/PackageCache/com.unity.ide.visualstudio@8140e851d83e)
    com.unity.inputsystem@1.11.2 (location: /Users/robert/gibiworld/clients/gw-mobile/Library/PackageCache/com.unity.inputsystem@3c4a97c3950f)
    com.unity.nuget.newtonsoft-json@3.2.1 (location: /Users/robert/gibiworld/clients/gw-mobile/Library/PackageCache/com.unity.nuget.newtonsoft-json@74deb55db2a0)
    com.unity.xr.arcore@6.4.2 (location: /Users/robert/gibiworld/clients/gw-mobile/Library/PackageCache/com.unity.xr.arcore@b6ac3dd83886)
    com.unity.xr.arfoundation@6.4.2 (location: /Users/robert/gibiworld/clients/gw-mobile/Library/PackageCache/com.unity.xr.arfoundation@3ad9d47afcaa)
    com.unity.xr.arkit@6.4.2 (location: /Users/robert/gibiworld/clients/gw-mobile/Library/PackageCache/com.unity.xr.arkit@b3c92db711bc)
    com.unity.xr.core-utils@2.6.0 (location: /Users/robert/gibiworld/clients/gw-mobile/Library/PackageCache/com.unity.xr.core-utils@a8b900321199)
    com.unity.xr.management@4.5.4 (location: /Users/robert/gibiworld/clients/gw-mobile/Library/PackageCache/com.unity.xr.management@e3a3882b360a)
    com.unity.xr.legacyinputhelpers@2.1.12 (location: /Users/robert/gibiworld/clients/gw-mobile/Library/PackageCache/com.unity.xr.legacyinputhelpers@b7579e86f3b4)
    com.unity.mathematics@1.3.2 (location: /Users/robert/gibiworld/clients/gw-mobile/Library/PackageCache/com.unity.mathematics@8017b507cc74)
    com.unity.collections@2.6.5 (location: /Users/robert/gibiworld/clients/gw-mobile/Library/PackageCache/com.unity.collections@12999e356c23)
    com.unity.scriptablebuildpipeline@2.6.1 (location: /Users/robert/gibiworld/clients/gw-mobile/Library/PackageCache/com.unity.scriptablebuildpipeline@36e3b5898ee2)
    com.unity.xr.openxr@1.16.1 (location: /Users/robert/gibiworld/clients/gw-mobile/Library/PackageCache/com.unity.xr.openxr@ef0033a586bf)
    com.unity.timeline@1.8.12 (location: /Users/robert/gibiworld/clients/gw-mobile/Library/PackageCache/com.unity.timeline@8cd8509afae5)
    com.unity.searcher@4.9.3 (location: /Users/robert/gibiworld/clients/gw-mobile/Library/PackageCache/com.unity.searcher@1e17ce91558d)
    com.unity.nuget.mono-cecil@1.11.6 (location: /Users/robert/gibiworld/clients/gw-mobile/Library/PackageCache/com.unity.nuget.mono-cecil@ecb9724e46ff)
    com.unity.test-framework.performance@3.4.0 (location: /Users/robert/gibiworld/clients/gw-mobile/Library/PackageCache/com.unity.test-framework.performance@aa81a99c4a75)
  Built-in packages:
    com.unity.render-pipelines.universal@17.0.4 (location: /Users/robert/gibiworld/clients/gw-mobile/Library/PackageCache/com.unity.render-pipelines.universal@28ea0a0a8ae3)
    com.unity.test-framework@1.6.0 (location: /Users/robert/gibiworld/clients/gw-mobile/Library/PackageCache/com.unity.test-framework@082c24152fd4)
    com.unity.modules.accessibility@1.0.0 (location: /Users/robert/gibiworld/clients/gw-mobile/Library/PackageCache/com.unity.modules.accessibility)
    com.unity.modules.animation@1.0.0 (location: /Users/robert/gibiworld/clients/gw-mobile/Library/PackageCache/com.unity.modules.animation)
    com.unity.modules.audio@1.0.0 (location: /Users/robert/gibiworld/clients/gw-mobile/Library/PackageCache/com.unity.modules.audio)
    com.unity.modules.imageconversion@1.0.0 (location: /Users/robert/gibiworld/clients/gw-mobile/Library/PackageCache/com.unity.modules.imageconversion)
    com.unity.modules.jsonserialize@1.0.0 (location: /Users/robert/gibiworld/clients/gw-mobile/Library/PackageCache/com.unity.modules.jsonserialize)
    com.unity.modules.particlesystem@1.0.0 (location: /Users/robert/gibiworld/clients/gw-mobile/Library/PackageCache/com.unity.modules.particlesystem)
    com.unity.modules.physics@1.0.0 (location: /Users/robert/gibiworld/clients/gw-mobile/Library/PackageCache/com.unity.modules.physics)
    com.unity.modules.screencapture@1.0.0 (location: /Users/robert/gibiworld/clients/gw-mobile/Library/PackageCache/com.unity.modules.screencapture)
    com.unity.modules.ui@1.0.0 (location: /Users/robert/gibiworld/clients/gw-mobile/Library/PackageCache/com.unity.modules.ui)
    com.unity.modules.uielements@1.0.0 (location: /Users/robert/gibiworld/clients/gw-mobile/Library/PackageCache/com.unity.modules.uielements)
    com.unity.modules.unitywebrequest@1.0.0 (location: /Users/robert/gibiworld/clients/gw-mobile/Library/PackageCache/com.unity.modules.unitywebrequest)
    com.unity.modules.unitywebrequesttexture@1.0.0 (location: /Users/robert/gibiworld/clients/gw-mobile/Library/PackageCache/com.unity.modules.unitywebrequesttexture)
    com.unity.modules.xr@1.0.0 (location: /Users/robert/gibiworld/clients/gw-mobile/Library/PackageCache/com.unity.modules.xr)
    com.unity.modules.subsystems@1.0.0 (location: /Users/robert/gibiworld/clients/gw-mobile/Library/PackageCache/com.unity.modules.subsystems)
    com.unity.modules.imgui@1.0.0 (location: /Users/robert/gibiworld/clients/gw-mobile/Library/PackageCache/com.unity.modules.imgui)
    com.unity.modules.hierarchycore@1.0.0 (location: /Users/robert/gibiworld/clients/gw-mobile/Library/PackageCache/com.unity.modules.hierarchycore)
    com.unity.ugui@2.0.0 (location: /Users/robert/gibiworld/clients/gw-mobile/Library/PackageCache/com.unity.ugui@47e51ce530b9)
    com.unity.modules.unityanalytics@1.0.0 (location: /Users/robert/gibiworld/clients/gw-mobile/Library/PackageCache/com.unity.modules.unityanalytics)
    com.unity.modules.androidjni@1.0.0 (location: /Users/robert/gibiworld/clients/gw-mobile/Library/PackageCache/com.unity.modules.androidjni)
    com.unity.ext.nunit@2.0.5 (location: /Users/robert/gibiworld/clients/gw-mobile/Library/PackageCache/com.unity.ext.nunit@031a54704bff)
    com.unity.render-pipelines.core@17.0.4 (location: /Users/robert/gibiworld/clients/gw-mobile/Library/PackageCache/com.unity.render-pipelines.core@d7b87cecdab8)
    com.unity.shadergraph@17.0.4 (location: /Users/robert/gibiworld/clients/gw-mobile/Library/PackageCache/com.unity.shadergraph@bff931d63a7a)
    com.unity.render-pipelines.universal-config@17.0.3 (location: /Users/robert/gibiworld/clients/gw-mobile/Library/PackageCache/com.unity.render-pipelines.universal-config@dd206bf35d04)
    com.unity.modules.assetbundle@1.0.0 (location: /Users/robert/gibiworld/clients/gw-mobile/Library/PackageCache/com.unity.modules.assetbundle)
    com.unity.modules.unitywebrequestassetbundle@1.0.0 (location: /Users/robert/gibiworld/clients/gw-mobile/Library/PackageCache/com.unity.modules.unitywebrequestassetbundle)
    com.unity.modules.vr@1.0.0 (location: /Users/robert/gibiworld/clients/gw-mobile/Library/PackageCache/com.unity.modules.vr)
    com.unity.modules.terrain@1.0.0 (location: /Users/robert/gibiworld/clients/gw-mobile/Library/PackageCache/com.unity.modules.terrain)
    com.unity.rendering.light-transport@1.0.1 (location: /Users/robert/gibiworld/clients/gw-mobile/Library/PackageCache/com.unity.rendering.light-transport@9bd588f963c0)
    com.unity.modules.director@1.0.0 (location: /Users/robert/gibiworld/clients/gw-mobile/Library/PackageCache/com.unity.modules.director)
  Git packages:
    com.besty.unity-skills@https://github.com/Besty0728/Unity-Skills.git?path=/SkillsForUnity#7268e62025de331c79c93ba63ca964bf35d867a4 (location: /Users/robert/gibiworld/clients/gw-mobile/Library/PackageCache/com.besty.unity-skills@0997fd1678cb)
    com.nianticspatial.nsdk@https://github.com/nianticspatial/nsdk-library-upm.git#4.1.0-26051913 (location: /Users/robert/gibiworld/clients/gw-mobile/Library/PackageCache/com.nianticspatial.nsdk@ee58c6715951)
[Subsystems] Looking for new subsystems at path /Users/robert/gibiworld/clients/gw-mobile/Library/PackageCache/com.nianticspatial.nsdk@ee58c6715951
[Subsystems] Novel subsystem found at Library/PackageCache/com.nianticspatial.nsdk@ee58c6715951/Runtime/UnitySubsystemsManifest.json
[Subsystems] Discovering subsystems at path /Applications/Unity/Hub/Editor/6000.0.74f1/Unity.app/Contents/Resources/UnitySubsystems
[Subsystems] Discovering subsystems at path /Users/robert/gibiworld/clients/gw-mobile/Assets
[Subsystems] Discovering subsystems at path /Users/robert/gibiworld/clients/gw-mobile/Library/PackageCache/com.nianticspatial.nsdk@ee58c6715951
[Subsystems] No descriptors matched for  examples in Library/PackageCache/com.nianticspatial.nsdk@ee58c6715951/Runtime/UnitySubsystemsManifest.json.
[Subsystems] 1 'inputs' descriptors matched in Library/PackageCache/com.nianticspatial.nsdk@ee58c6715951/Runtime/UnitySubsystemsManifest.json
[Subsystems] No descriptors matched for  displays in Library/PackageCache/com.nianticspatial.nsdk@ee58c6715951/Runtime/UnitySubsystemsManifest.json.
[Subsystems] 1 'meshings' descriptors matched in Library/PackageCache/com.nianticspatial.nsdk@ee58c6715951/Runtime/UnitySubsystemsManifest.json
[Subsystems] Discovering subsystems at path /Users/robert/gibiworld/clients/gw-mobile/Library/PackageCache/com.unity.xr.arfoundation@3ad9d47afcaa
[Subsystems] No descriptors matched for  examples in Library/PackageCache/com.unity.xr.arfoundation@3ad9d47afcaa/Runtime/UnitySubsystemsManifest.json.
[Subsystems] 1 'inputs' descriptors matched in Library/PackageCache/com.unity.xr.arfoundation@3ad9d47afcaa/Runtime/UnitySubsystemsManifest.json
[Subsystems] No descriptors matched for  displays in Library/PackageCache/com.unity.xr.arfoundation@3ad9d47afcaa/Runtime/UnitySubsystemsManifest.json.
[Subsystems] 1 'meshings' descriptors matched in Library/PackageCache/com.unity.xr.arfoundation@3ad9d47afcaa/Runtime/UnitySubsystemsManifest.json
[Subsystems] Discovering subsystems at path /Users/robert/gibiworld/clients/gw-mobile/Library/PackageCache/com.unity.xr.openxr@ef0033a586bf
[Subsystems] No descriptors matched for  examples in Library/PackageCache/com.unity.xr.openxr@ef0033a586bf/Runtime/UnitySubsystemsManifest.json.
[Subsystems] 1 'inputs' descriptors matched in Library/PackageCache/com.unity.xr.openxr@ef0033a586bf/Runtime/UnitySubsystemsManifest.json
[Subsystems] 1 'displays' descriptors matched in Library/PackageCache/com.unity.xr.openxr@ef0033a586bf/Runtime/UnitySubsystemsManifest.json
[Subsystems] No descriptors matched for  meshings in Library/PackageCache/com.unity.xr.openxr@ef0033a586bf/Runtime/UnitySubsystemsManifest.json.
[Package Manager] Done registering packages in 0.01 seconds
[ScriptCompilation] Requested script compilation because: Assetdatabase observed changes in script compilation related files
Assembly for Assembly Definition File 'Assets/Gibi/Telemetry/Runtime/Gibi.Telemetry.asmdef' will not be compiled, because it has no scripts associated with it.
UnityEngine.Debug:ExtractStackTraceNoAlloc (byte*,int,string)
UnityEngine.StackTraceUtility:ExtractStackTrace () (at /Users/bokken/build/output/unity/unity/Runtime/Export/Scripting/StackTrace.cs:35)
UnityEngine.DebugLogHandler:Internal_Log (UnityEngine.LogType,UnityEngine.LogOption,string,UnityEngine.Object)
UnityEngine.DebugLogHandler:LogFormat (UnityEngine.LogType,UnityEngine.Object,string,object[])
UnityEngine.Logger:LogFormat (UnityEngine.LogType,string,object[])
UnityEngine.Debug:LogWarningFormat (string,object[])
UnityEditor.Scripting.ScriptCompilation.EditorCompilation:WarnIfThereAreAssembliesWithoutAnyScripts (UnityEditor.Scripting.ScriptCompilation.ScriptAssemblySettings,UnityEditor.Scripting.ScriptCompilation.ScriptAssembly[]) (at /Users/bokken/build/output/unity/unity/Editor/Mono/Scripting/ScriptCompilation/EditorCompilation.cs:779)
UnityEditor.Scripting.ScriptCompilation.EditorCompilation:CompileScriptsWithSettings (UnityEditor.Scripting.ScriptCompilation.ScriptAssemblySettings) (at /Users/bokken/build/output/unity/unity/Editor/Mono/Scripting/ScriptCompilation/EditorCompilation.cs:832)
UnityEditor.Scripting.ScriptCompilation.EditorCompilation:CompileScripts (UnityEditor.Scripting.ScriptCompilation.EditorScriptCompilationOptions,UnityEditor.BuildTarget,int,string[]) (at /Users/bokken/build/output/unity/unity/Editor/Mono/Scripting/ScriptCompilation/EditorCompilation.cs:715)
UnityEditor.Scripting.ScriptCompilation.EditorCompilationInterface/<>c__DisplayClass21_0:<CompileScripts>b__0 () (at /Users/bokken/build/output/unity/unity/Editor/Mono/Scripting/ScriptCompilation/EditorCompilationInterface.cs:184)
UnityEditor.Scripting.ScriptCompilation.EditorCompilationInterface:EmitExceptionAsError<UnityEditor.Scripting.ScriptCompilation.EditorCompilation/CompileStatus> (System.Func`1<UnityEditor.Scripting.ScriptCompilation.EditorCompilation/CompileStatus>,UnityEditor.Scripting.ScriptCompilation.EditorCompilation/CompileStatus) (at /Users/bokken/build/output/unity/unity/Editor/Mono/Scripting/ScriptCompilation/EditorCompilationInterface.cs:49)
UnityEditor.Scripting.ScriptCompilation.EditorCompilationInterface:CompileScripts (UnityEditor.Scripting.ScriptCompilation.EditorScriptCompilationOptions,UnityEditor.BuildTarget,int,string[]) (at /Users/bokken/build/output/unity/unity/Editor/Mono/Scripting/ScriptCompilation/EditorCompilationInterface.cs:184)

(Filename: /Users/bokken/build/output/unity/unity/Editor/Mono/Scripting/ScriptCompilation/EditorCompilation.cs Line: 779)

Assembly for Assembly Definition File 'Assets/Gibi/Networking/Runtime/Gibi.Networking.asmdef' will not be compiled, because it has no scripts associated with it.
UnityEngine.Debug:ExtractStackTraceNoAlloc (byte*,int,string)
UnityEngine.StackTraceUtility:ExtractStackTrace () (at /Users/bokken/build/output/unity/unity/Runtime/Export/Scripting/StackTrace.cs:35)
UnityEngine.DebugLogHandler:Internal_Log (UnityEngine.LogType,UnityEngine.LogOption,string,UnityEngine.Object)
UnityEngine.DebugLogHandler:LogFormat (UnityEngine.LogType,UnityEngine.Object,string,object[])
UnityEngine.Logger:LogFormat (UnityEngine.LogType,string,object[])
UnityEngine.Debug:LogWarningFormat (string,object[])
UnityEditor.Scripting.ScriptCompilation.EditorCompilation:WarnIfThereAreAssembliesWithoutAnyScripts (UnityEditor.Scripting.ScriptCompilation.ScriptAssemblySettings,UnityEditor.Scripting.ScriptCompilation.ScriptAssembly[]) (at /Users/bokken/build/output/unity/unity/Editor/Mono/Scripting/ScriptCompilation/EditorCompilation.cs:779)
UnityEditor.Scripting.ScriptCompilation.EditorCompilation:CompileScriptsWithSettings (UnityEditor.Scripting.ScriptCompilation.ScriptAssemblySettings) (at /Users/bokken/build/output/unity/unity/Editor/Mono/Scripting/ScriptCompilation/EditorCompilation.cs:832)
UnityEditor.Scripting.ScriptCompilation.EditorCompilation:CompileScripts (UnityEditor.Scripting.ScriptCompilation.EditorScriptCompilationOptions,UnityEditor.BuildTarget,int,string[]) (at /Users/bokken/build/output/unity/unity/Editor/Mono/Scripting/ScriptCompilation/EditorCompilation.cs:715)
UnityEditor.Scripting.ScriptCompilation.EditorCompilationInterface/<>c__DisplayClass21_0:<CompileScripts>b__0 () (at /Users/bokken/build/output/unity/unity/Editor/Mono/Scripting/ScriptCompilation/EditorCompilationInterface.cs:184)
UnityEditor.Scripting.ScriptCompilation.EditorCompilationInterface:EmitExceptionAsError<UnityEditor.Scripting.ScriptCompilation.EditorCompilation/CompileStatus> (System.Func`1<UnityEditor.Scripting.ScriptCompilation.EditorCompilation/CompileStatus>,UnityEditor.Scripting.ScriptCompilation.EditorCompilation/CompileStatus) (at /Users/bokken/build/output/unity/unity/Editor/Mono/Scripting/ScriptCompilation/EditorCompilationInterface.cs:49)
UnityEditor.Scripting.ScriptCompilation.EditorCompilationInterface:CompileScripts (UnityEditor.Scripting.ScriptCompilation.EditorScriptCompilationOptions,UnityEditor.BuildTarget,int,string[]) (at /Users/bokken/build/output/unity/unity/Editor/Mono/Scripting/ScriptCompilation/EditorCompilationInterface.cs:184)

(Filename: /Users/bokken/build/output/unity/unity/Editor/Mono/Scripting/ScriptCompilation/EditorCompilation.cs Line: 779)

Assembly for Assembly Definition File 'Assets/Gibi/AI/Runtime/Gibi.AI.asmdef' will not be compiled, because it has no scripts associated with it.
UnityEngine.Debug:ExtractStackTraceNoAlloc (byte*,int,string)
UnityEngine.StackTraceUtility:ExtractStackTrace () (at /Users/bokken/build/output/unity/unity/Runtime/Export/Scripting/StackTrace.cs:35)
UnityEngine.DebugLogHandler:Internal_Log (UnityEngine.LogType,UnityEngine.LogOption,string,UnityEngine.Object)
UnityEngine.DebugLogHandler:LogFormat (UnityEngine.LogType,UnityEngine.Object,string,object[])
UnityEngine.Logger:LogFormat (UnityEngine.LogType,string,object[])
UnityEngine.Debug:LogWarningFormat (string,object[])
UnityEditor.Scripting.ScriptCompilation.EditorCompilation:WarnIfThereAreAssembliesWithoutAnyScripts (UnityEditor.Scripting.ScriptCompilation.ScriptAssemblySettings,UnityEditor.Scripting.ScriptCompilation.ScriptAssembly[]) (at /Users/bokken/build/output/unity/unity/Editor/Mono/Scripting/ScriptCompilation/EditorCompilation.cs:779)
UnityEditor.Scripting.ScriptCompilation.EditorCompilation:CompileScriptsWithSettings (UnityEditor.Scripting.ScriptCompilation.ScriptAssemblySettings) (at /Users/bokken/build/output/unity/unity/Editor/Mono/Scripting/ScriptCompilation/EditorCompilation.cs:832)
UnityEditor.Scripting.ScriptCompilation.EditorCompilation:CompileScripts (UnityEditor.Scripting.ScriptCompilation.EditorScriptCompilationOptions,UnityEditor.BuildTarget,int,string[]) (at /Users/bokken/build/output/unity/unity/Editor/Mono/Scripting/ScriptCompilation/EditorCompilation.cs:715)
UnityEditor.Scripting.ScriptCompilation.EditorCompilationInterface/<>c__DisplayClass21_0:<CompileScripts>b__0 () (at /Users/bokken/build/output/unity/unity/Editor/Mono/Scripting/ScriptCompilation/EditorCompilationInterface.cs:184)
UnityEditor.Scripting.ScriptCompilation.EditorCompilationInterface:EmitExceptionAsError<UnityEditor.Scripting.ScriptCompilation.EditorCompilation/CompileStatus> (System.Func`1<UnityEditor.Scripting.ScriptCompilation.EditorCompilation/CompileStatus>,UnityEditor.Scripting.ScriptCompilation.EditorCompilation/CompileStatus) (at /Users/bokken/build/output/unity/unity/Editor/Mono/Scripting/ScriptCompilation/EditorCompilationInterface.cs:49)
UnityEditor.Scripting.ScriptCompilation.EditorCompilationInterface:CompileScripts (UnityEditor.Scripting.ScriptCompilation.EditorScriptCompilationOptions,UnityEditor.BuildTarget,int,string[]) (at /Users/bokken/build/output/unity/unity/Editor/Mono/Scripting/ScriptCompilation/EditorCompilationInterface.cs:184)

(Filename: /Users/bokken/build/output/unity/unity/Editor/Mono/Scripting/ScriptCompilation/EditorCompilation.cs Line: 779)

[40m[32minfo[39m[22m[49m: Microsoft.Hosting.Lifetime[14]
      Now listening on: http://unix:/tmp/ilpp.sock-3ecbc1a220400ef89ec39d9abed6448d
[40m[32minfo[39m[22m[49m: Microsoft.Hosting.Lifetime[0]
      Application started. Press Ctrl+C to shut down.
[40m[32minfo[39m[22m[49m: Microsoft.Hosting.Lifetime[0]
      Hosting environment: Production
[40m[32minfo[39m[22m[49m: Microsoft.Hosting.Lifetime[0]
      Content root path: /Users/robert/gibiworld/clients/gw-mobile/
[40m[32minfo[39m[22m[49m: Microsoft.AspNetCore.Hosting.Diagnostics[1]
      Request starting HTTP/2 POST http://ilpp/UnityILPP.PostProcessing/Ping application/grpc -
[40m[32minfo[39m[22m[49m: Microsoft.AspNetCore.Routing.EndpointMiddleware[0]
      Executing endpoint 'gRPC - /UnityILPP.PostProcessing/Ping'
[40m[32minfo[39m[22m[49m: Microsoft.AspNetCore.Routing.EndpointMiddleware[1]
      Executed endpoint 'gRPC - /UnityILPP.PostProcessing/Ping'
[40m[32minfo[39m[22m[49m: Microsoft.AspNetCore.Hosting.Diagnostics[2]
      Request finished HTTP/2 POST http://ilpp/UnityILPP.PostProcessing/Ping application/grpc - - 200 - application/grpc 22.7752ms
Starting: /Applications/Unity/Hub/Editor/6000.0.74f1/Unity.app/Contents/bee_backend --ipc --defer-dag-verification --dagfile="Library/Bee/1300b0aE.dag" --continue-on-failure --profile="Library/Bee/backend1.traceevents" ScriptAssemblies
WorkingDir: /Users/robert/gibiworld/clients/gw-mobile
DisplayProgressbar: Compiling Scripts
[40m[32minfo[39m[22m[49m: Microsoft.AspNetCore.Hosting.Diagnostics[1]
      Request starting HTTP/2 POST http://ilpp/UnityILPP.PostProcessing/ConfigurePostProcessors application/grpc -
[40m[32minfo[39m[22m[49m: Microsoft.AspNetCore.Routing.EndpointMiddleware[0]
      Executing endpoint 'gRPC - /UnityILPP.PostProcessing/ConfigurePostProcessors'
[40m[1m[33mwarn[39m[22m[49m: Unity.ILPP.Runner.PostProcessingAssemblyLoadContext[0]
      Assembly unityeditor.ios.extensions.xcode has duplicate hint path. Ignoring "/Applications/Unity/Hub/Editor/6000.0.74f1/Unity.app/Contents/PlaybackEngines/MacStandaloneSupport/UnityEditor.iOS.Extensions.Xcode.dll" in favor of "/Applications/Unity/Hub/Editor/6000.0.74f1/PlaybackEngines/iOSSupport/UnityEditor.iOS.Extensions.Xcode.dll"
[40m[1m[33mwarn[39m[22m[49m: Unity.ILPP.Runner.PostProcessingAssemblyLoadContext[0]
      Assembly system.runtime.interopservices.windowsruntime has duplicate hint path. Ignoring "/Applications/Unity/Hub/Editor/6000.0.74f1/Unity.app/Contents/UnityReferenceAssemblies/unity-4.8-api/Facades/System.Runtime.InteropServices.WindowsRuntime.dll" in favor of "/Applications/Unity/Hub/Editor/6000.0.74f1/Unity.app/Contents/NetStandard/Extensions/2.0.0/System.Runtime.InteropServices.WindowsRuntime.dll"
[40m[1m[33mwarn[39m[22m[49m: Unity.ILPP.Runner.PostProcessingAssemblyLoadContext[0]
      Assembly system.componentmodel.composition has duplicate hint path. Ignoring "/Applications/Unity/Hub/Editor/6000.0.74f1/Unity.app/Contents/UnityReferenceAssemblies/unity-4.8-api/System.ComponentModel.Composition.dll" in favor of "/Applications/Unity/Hub/Editor/6000.0.74f1/Unity.app/Contents/NetStandard/compat/2.1.0/shims/netfx/System.ComponentModel.Composition.dll"
[40m[32minfo[39m[22m[49m: Unity.ILPP.Runner.PostProcessingAssemblyLoadContext[0]
      Resolved Unity.Burst.Cecil, Version=0.11.6.0, Culture=neutral, PublicKeyToken=50cebf1cceb9d05e with Library/PackageCache/com.unity.burst@6bb9aca3ef38/Unity.Burst.CodeGen/Unity.Burst.Cecil.dll
[40m[32minfo[39m[22m[49m: Unity.ILPP.Runner.PostProcessingAssemblyLoadContext[0]
      Resolved Mono.Cecil, Version=0.11.5.0, Culture=neutral, PublicKeyToken=50cebf1cceb9d05e with Library/PackageCache/com.unity.nuget.mono-cecil@ecb9724e46ff/Mono.Cecil.dll
[40m[32minfo[39m[22m[49m: Microsoft.AspNetCore.Routing.EndpointMiddleware[1]
      Executed endpoint 'gRPC - /UnityILPP.PostProcessing/ConfigurePostProcessors'
[40m[32minfo[39m[22m[49m: Microsoft.AspNetCore.Hosting.Diagnostics[2]
      Request finished HTTP/2 POST http://ilpp/UnityILPP.PostProcessing/ConfigurePostProcessors application/grpc - - 200 - application/grpc 15.5397ms
[40m[32minfo[39m[22m[49m: Microsoft.AspNetCore.Hosting.Diagnostics[1]
      Request starting HTTP/2 POST http://ilpp/UnityILPP.PostProcessing/PostProcessAssembly application/grpc -
[40m[32minfo[39m[22m[49m: Microsoft.AspNetCore.Routing.EndpointMiddleware[0]
      Executing endpoint 'gRPC - /UnityILPP.PostProcessing/PostProcessAssembly'
[40m[32minfo[39m[22m[49m: Unity.ILPP.Runner.PostProcessingPipeline[0]
      Processing assembly Library/Bee/artifacts/1300b0aE.dag/Gibi.Editor.dll, with 140 defines and 281 references
[40m[32minfo[39m[22m[49m: Unity.ILPP.Runner.PostProcessingPipeline[0]
      processors: Unity.Jobs.CodeGen.JobsILPostProcessor, zzzUnity.Burst.CodeGen.BurstILPostProcessor
[40m[32minfo[39m[22m[49m: Unity.ILPP.Runner.PostProcessingPipeline[0]
      running Unity.Jobs.CodeGen.JobsILPostProcessor
[40m[32minfo[39m[22m[49m: Unity.ILPP.Runner.PostProcessingPipeline[0]
      running zzzUnity.Burst.CodeGen.BurstILPostProcessor
[40m[32minfo[39m[22m[49m: Microsoft.AspNetCore.Routing.EndpointMiddleware[1]
      Executed endpoint 'gRPC - /UnityILPP.PostProcessing/PostProcessAssembly'
[40m[32minfo[39m[22m[49m: Microsoft.AspNetCore.Hosting.Diagnostics[2]
      Request finished HTTP/2 POST http://ilpp/UnityILPP.PostProcessing/PostProcessAssembly application/grpc - - 200 - application/grpc 11.0320ms
ExitCode: 0 Duration: 1s342ms
[ 867/1181  0s] ILPP-Configuration Library/ilpp-configuration.nevergeneratedoutput
[1177/1181  1s] Csc Library/Bee/artifacts/1300b0aE.dag/Gibi.Editor.dll (+2 others)
[1178/1181  0s] ILPostProcess Library/Bee/artifacts/1300b0aE.dag/post-processed/Gibi.Editor.dll (+pdb)
Processing assembly Library/Bee/artifacts/1300b0aE.dag/Gibi.Editor.dll, with 140 defines and 281 references
processors: Unity.Jobs.CodeGen.JobsILPostProcessor, zzzUnity.Burst.CodeGen.BurstILPostProcessor
running Unity.Jobs.CodeGen.JobsILPostProcessor
running zzzUnity.Burst.CodeGen.BurstILPostProcessor
[1179/1181  0s] CopyFiles Library/ScriptAssemblies/Gibi.Editor.dll
[1180/1181  0s] CopyFiles Library/ScriptAssemblies/Gibi.Editor.pdb
*** Tundra build success (1.33 seconds), 5 items updated, 1181 evaluated
AssetDatabase: script compilation time: 1.775079s
Begin MonoManager ReloadAssembly
Total cache size 267522162
Total cache size after purge 267522162, took 00:00:00.1043930
Symbol file LoadedFromMemory is not a mono symbol file
- Loaded All Assemblies, in  0.398 seconds
Refreshing native plugins compatible for Editor in 3.03 ms, found 10 plugins.
Native extension for iOS target not found
Native extension for Android target not found
Native extension for OSXStandalone target not found
Refreshing native plugins compatible for Editor in 2.70 ms, found 10 plugins.
[MODES] ModeService[none].Initialize
[MODES] ModeService[none].LoadModes
[MODES] Loading mode Default (0) for mode-current-id-gw-mobile
Mono: successfully reloaded assembly
- Finished resetting the current domain, in  2.126 seconds
Domain Reload Profiling: 2523ms
	BeginReloadAssembly (78ms)
		ExecutionOrderSort (0ms)
		DisableScriptedObjects (5ms)
		BackupInstance (0ms)
		ReleaseScriptingObjects (0ms)
		CreateAndSetChildDomain (17ms)
	RebuildCommonClasses (22ms)
	RebuildNativeTypeToScriptingClass (8ms)
	initialDomainReloadingComplete (13ms)
	LoadAllAssembliesAndSetupDomain (276ms)
		LoadAssemblies (164ms)
		RebuildTransferFunctionScriptingTraits (0ms)
		AnalyzeDomain (143ms)
			TypeCache.Refresh (103ms)
				TypeCache.ScanAssembly (92ms)
			BuildScriptInfoCaches (31ms)
			ResolveRequiredComponents (6ms)
	FinalizeReload (2126ms)
		ReleaseScriptCaches (0ms)
		RebuildScriptCaches (0ms)
		SetupLoadedEditorAssemblies (2024ms)
			LogAssemblyErrors (0ms)
			InitializePlatformSupportModulesInManaged (18ms)
			SetLoadedEditorAssemblies (4ms)
			BeforeProcessingInitializeOnLoad (96ms)
			ProcessInitializeOnLoadAttributes (1685ms)
			ProcessInitializeOnLoadMethodAttributes (221ms)
			AfterProcessingInitializeOnLoad (1ms)
			EditorAssembliesLoaded (0ms)
		ExecutionOrderSort2 (0ms)
		AwakeInstancesAfterBackupRestoration (2ms)
Refreshing native plugins compatible for Editor in 3.22 ms, found 10 plugins.
Preloading 0 native plugins for Editor in 0.00 ms.
Asset Pipeline Refresh (id=084f219966248417e9ba835e8cddaebb): Total: 5.039 seconds - Initiated by InitialRefreshV2(ForceSynchronousImport)
	Summary:
		Imports: total=0 (actual=0, local cache=0, cache server=0)
		Asset DB Process Time: managed=0 ms, native=2692 ms
		Asset DB Callback time: managed=116 ms, native=17 ms
		Scripting: domain reloads=1, domain reload time=398 ms, compile time=1776 ms, other=38 ms
		Project Asset Count: scripts=1573, non-scripts=2031
		Asset File Changes: new=0, changed=1, moved=0, deleted=0
		Scan Filter Count: 1
	InvokeCustomDependenciesCallbacks: 0.001ms
	InvokePackagesCallback: 10.640ms
	ApplyChangesToAssetFolders: 0.206ms
	Scan: 306.564ms
	OnSourceAssetsModified: 0.563ms
	CategorizeAssetsWithTransientArtifact: 34.552ms
	ProcessAssetsWithTransientArtifactChanges: 40.989ms
	CategorizeAssets: 46.734ms
	ImportOutOfDateAssets: 2138.265ms (360.400ms without children)
		CompileScripts: 1776.020ms
		ReloadNativeAssets: 0.023ms
		UnloadImportedAssets: 1.055ms
		EnsureUptoDateAssetsAreRegisteredWithGuidPM: 0.529ms
		InitializingProgressBar: 0.000ms
		PostProcessAllAssetNotificationsAddChangedAssets: 0.000ms
		OnDemandSchedulerStart: 0.238ms
	PostProcessAllAssets: 117.602ms
	Hotreload: 5.369ms
	GatherAllCurrentPrimaryArtifactRevisions: 0.000ms
	UnloadStreamsBegin: 1.640ms
	PersistCurrentRevisions: 0.088ms
	UnloadStreamsEnd: 0.001ms
	GenerateScriptTypeHashes: 12.360ms
	Untracked: 2335.452ms

Application.AssetDatabase Initial Refresh End
Scanning for USB devices : 0.027ms
Initializing Unity extensions:
2026-08-03 12:11:33.626 Unity[8831:1285497] NSEventModifierFlagFunction specified to -setKeyEquivalentModifierMask: for item <NSMenuItem: 0x9a68c45a0 SDF, ke='Command-F12'>, but is only supported for system-provided menu items; will not be used
Unloading 26 Unused Serialized files (Serialized files now loaded: 0)
Unloading 6808 unused Assets / (7.6 MB). Loaded Objects now: 7589.
Memory consumption went from 242.9 MB to 235.3 MB.
Total: 13.115500 ms (FindLiveObjects: 0.385250 ms CreateObjectMapping: 0.287792 ms MarkObjects: 9.521417 ms  DeleteObjects: 2.920666 ms)

2026-08-03 12:11:33.679 Unity[8831:1285497] NSEventModifierFlagFunction specified to -setKeyEquivalentModifierMask: for item <NSMenuItem: 0x9a68c41e0 SDF, ke='Command-F12'>, but is only supported for system-provided menu items; will not be used
Curl error 6: Could not resolve host: config.uca.cloud.unity3d.com
Asset Pipeline Refresh (id=1cd8ff93bd44c45788232061ed2f3804): Total: 0.174 seconds - Initiated by RefreshV2(NoUpdateAssetOptions)
Launching external process: /Applications/Unity/Hub/Editor/6000.0.74f1/Unity.app/Contents/Tools/UnityShaderCompiler
Launched and connected shader compiler UnityShaderCompiler after 0.04 seconds
Trying to set empty graphics device types list for platform iOSSupport; setting default list instead
UnityEngine.Debug:ExtractStackTraceNoAlloc (byte*,int,string)
UnityEngine.StackTraceUtility:ExtractStackTrace () (at /Users/bokken/build/output/unity/unity/Runtime/Export/Scripting/StackTrace.cs:35)
UnityEditor.PlayerSettings:SetGraphicsAPIsImpl (UnityEditor.BuildTarget,UnityEngine.Rendering.GraphicsDeviceType[])
UnityEditor.PlayerSettings:SetGraphicsAPIs (UnityEditor.BuildTarget,UnityEngine.Rendering.GraphicsDeviceType[]) (at /Users/bokken/build/output/unity/unity/Editor/Mono/PlayerSettings.bindings.cs:848)
Gibi.Editor.ProjectSettingsApplier:Apply () (at Assets/Gibi/Editor/ProjectSettingsApplier.cs:50)
Gibi.Editor.ProjectSettingsApplier:ApplyForCI () (at Assets/Gibi/Editor/ProjectSettingsApplier.cs:117)

[Assets/Gibi/Editor/ProjectSettingsApplier.cs line 50]

Asset Pipeline Refresh (id=27c9513d810ec4e31a77ad2b289dcb24): Total: 0.106 seconds - Initiated by RefreshV2(NoUpdateAssetOptions)
Asset Pipeline Refresh (id=044fc5a4a6c4d49538bb70d2867765cd): Total: 0.180 seconds - Initiated by RefreshV2(NoUpdateAssetOptions)
Asset Pipeline Refresh (id=8b86bf79aa7ca4c07b239e2f252751f2): Total: 0.170 seconds - Initiated by RefreshV2(NoUpdateAssetOptions)
Asset Pipeline Refresh (id=e9f5efec1ffc54133b87cc7d9176d38b): Total: 0.168 seconds - Initiated by RefreshV2(NoUpdateAssetOptions)
Start importing ProjectSettings/ProjectSettings.asset using Guid(00000000000000004000000000000000) (LibraryAssetImporter) -> (artifact id: '810d6f66e82436e1848329c99f6333cc') in 0.005360833 seconds
Refreshing native plugins compatible for Editor in 2.83 ms, found 10 plugins.
Preloading 0 native plugins for Editor in 0.00 ms.
Asset Pipeline Refresh (id=17e514a8e04574c01a2444d3694557de): Total: 0.053 seconds - Initiated by StopAssetImportingV2(NoUpdateAssetOptions)
[GibiWorld] Required project settings applied. See ProjectSettings/GibiBuildSettings.md
UnityEngine.Debug:ExtractStackTraceNoAlloc (byte*,int,string)
UnityEngine.StackTraceUtility:ExtractStackTrace () (at /Users/bokken/build/output/unity/unity/Runtime/Export/Scripting/StackTrace.cs:35)
UnityEngine.DebugLogHandler:Internal_Log (UnityEngine.LogType,UnityEngine.LogOption,string,UnityEngine.Object)
UnityEngine.DebugLogHandler:LogFormat (UnityEngine.LogType,UnityEngine.Object,string,object[])
UnityEngine.Logger:Log (UnityEngine.LogType,object)
UnityEngine.Debug:Log (object)
Gibi.Editor.ProjectSettingsApplier:Apply () (at Assets/Gibi/Editor/ProjectSettingsApplier.cs:112)
Gibi.Editor.ProjectSettingsApplier:ApplyForCI () (at Assets/Gibi/Editor/ProjectSettingsApplier.cs:117)

(Filename: Assets/Gibi/Editor/ProjectSettingsApplier.cs Line: 112)

Killing ADB server in 0.041391 seconds.
Thread 0x17fdd3000 may have been prematurely finalized
Input System module state changed to: ShutdownInProgress.
Input System polling thread exited.
Input System module state changed to: Shutdown.
[Physics::Module] Cleanup current backned.
[Physics::Module] Id: 0xf2b8ea05
[Licensing::IpcConnector] LicenseClient-robert-notifications channel disconnected successfully.
[Licensing::IpcConnector] LicenseClient-robert channel disconnected successfully.
Thread 0x1702d3000 may have been prematurely finalized
Thread 0x1703eb000 may have been prematurely finalized
Thread 0x17035f000 may have been prematurely finalized
Thread 0x170477000 may have been prematurely finalized
Thread 0x170503000 may have been prematurely finalized
Thread 0x17058f000 may have been prematurely finalized
Thread 0x17061b000 may have been prematurely finalized
AcceleratorClientConnectionCallback - disconnected - :0
[40m[32minfo[39m[22m[49m: Microsoft.Hosting.Lifetime[0]
      Application is shutting down...
Cleanup mono
[40m[32minfo[39m[22m[49m: Unity.ILPP.Runner.PostProcessingAssemblyLoadContext[0]
      ALC ILPP context 1 is unloading
debugger-agent: Unable to listen on 44
[usbmuxd] Stop listen thread
[usbmuxd] Error: 
[usbmuxd] Listen thread exiting
[Package Manager] Server process was shutdown
Checking for leaked weakptr:
  Found no leaked weakptrs.
##utp:{"type":"MemoryLeaks","version":2,"phase":"Immediate","time":1785780695517,"processId":8831,"allocatedMemory":11152848,"memoryLabels":[{"Default":23613},{"Permanent":15320},{"Thread":1088752},{"Manager":28910},{"VertexData":8},{"Geometry":408},{"VFX":-104},{"Texture":160},{"Shader":78564},{"Material":24},{"GfxDevice":38520},{"Animation":408},{"Audio":4600},{"FontEngine":272},{"Physics":2113},{"Serialization":368},{"Input":9488},{"JobScheduler":33216},{"TextLib":160},{"Mono":32},{"MonoCode":72},{"ScriptingNativeRuntime":155032},{"BaseObject":1620616},{"Resource":912},{"Renderer":3456},{"Transform":4654},{"File":820},{"WebCam":32},{"Culling":32},{"Terrain":11298},{"Wind":24},{"String":10659},{"DynamicArray":115092},{"HashMap":87158},{"Utility":2675032},{"PoolAlloc":1808},{"AI":72},{"TypeTree":5005},{"ScriptManager":512},{"RuntimeInitializeOnLoadManager":64},{"SpriteAtlas":112},{"GI":7280},{"Director":8192},{"CloudService":7848},{"WebRequest":813},{"VR":46025},{"SceneManager":504},{"Video":2112},{"LazyScriptCache":32},{"Camera":17},{"Secure":1},{"SerializationCache":1576},{"APIUpdating":10320},{"Subsystems":-96},{"VirtualTexturing":57504},{"StaticSafetyDebugInfo":278528},{"Baselib":16},{"Analytics":368},{"Hierarchy":384},{"CoreStats":12456},{"Identifiers":12384},{"Gui":104},{"EditorUtility":25506},{"VersionControl":4},{"Undo":955},{"AssetDatabase":4621794},{"EditorGi":328},{"UnityConnect":24792},{"Upm":1804},{"DrivenProperties":72},{"LocalIPC":149},{"ProfilerEditor":9738},{"CoreBusinessMetrics":3020},{"Licensing":960},{"AssetReference":32},{"IPCStream":32}]}
